
To Do SSH setup:

C:\Users\dell\Desktop\React.js\JSBasic>ssh-keygen -o
Generating public/private rsa key pair.
Enter file in which to save the key (C:\Users\dell/.ssh/id_rsa):
Enter passphrase (empty for no passphrase):
Enter same passphrase again:
Your identification has been saved in C:\Users\dell/.ssh/id_rsa.
Your public key has been saved in C:\Users\dell/.ssh/id_rsa.pub.
The key fingerprint is:
SHA256:GHju9zDa8u873y9wig7UeTNunfSEe5LBg2wt5iYO35U dell@DESKTOP-OFJ87KP
The key's randomart image is:
+---[RSA 3072]----+
|                 |
|     .           |
|    . o          |
|     o o . o + . |
|      o S o X B .|
|     . .   *.*.X |
|      . * ..=+E o|
|      .+ Oo=.o.o |
|      .oo+O+o .o.|
+----[SHA256]-----+

To list all file
C:\Users\dell\Desktop\React.js\JSBasic>dir
 Volume in drive C has no label.
 Volume Serial Number is A427-2870

 Directory of C:\Users\dell\Desktop\React.js\JSBasic

13-04-2024  12:15    <DIR>          .
13-04-2024  12:15    <DIR>          ..
07-04-2024  22:53               251 runJs.html
11-04-2024  23:46             2,043 Welcome.js
               2 File(s)          2,294 bytes
               2 Dir(s)  150,721,609,728 bytes free

C:\Users\dell\Desktop\React.js\JSBasic>type id_rsa.pub
The system cannot find the file specified.

C:\Users\dell\Desktop\React.js\JSBasic>cd  C:\Users\dell\.ssh

C:\Users\dell\.ssh>type id_rsa.pub
ssh-rsa .....87KP

Copy This Key
Go to Github Settings:-SSH and GPG Keys:-
                    New SSH Key:-title,keytype:Authentication key,paste key
                    :-Add SSHKey button

###################################################################
How to push code first time?

C:\Users\dell\Desktop\React.js>ssh -T git@github.com
Hi twinkalparalkar! You've successfully authenticated, but GitHub does not provide shell access.

C:\Users\dell\Desktop\React.js>git clone git@github.com:twinkalparalkar/JSBasic.git
fatal: destination path 'JSBasic' already exists and is not an empty directory.

C:\Users\dell\Desktop\React.js>git clone git@github.com:twinkalparalkar/JSBasic.git
Cloning into 'JSBasic'...
remote: Enumerating objects: 15, done.
remote: Counting objects: 100% (15/15), done.
remote: Compressing objects: 100% (13/13), done.
remote: Total 15 (delta 3), reused 3 (delta 0), pack-reused 0
Receiving objects: 100% (15/15), 4.86 KiB | 177.00 KiB/s, done.
Resolving deltas: 100% (3/3), done.

C:\Users\dell\Desktop\React.js>cd JSBasic

C:\Users\dell\Desktop\React.js\JSBasic>git status
On branch main
Your branch is up to date with 'origin/main'.

Untracked files:
  (use "git add <file>..." to include in what will be committed)
        Gitguide.txt

nothing added to commit but untracked files present (use "git add" to track)

C:\Users\dell\Desktop\React.js\JSBasic>git add .

C:\Users\dell\Desktop\React.js\JSBasic>git status
On branch main
Your branch is up to date with 'origin/main'.

Changes to be committed:
  (use "git restore --staged <file>..." to unstage)
        new file:   Gitguide.txt


C:\Users\dell\Desktop\React.js\JSBasic>git commit -m "Guide to push code into Github"
[main 628a04f] Guide to push code into Github
 1 file changed, 53 insertions(+)
 create mode 100644 Gitguide.txt

C:\Users\dell\Desktop\React.js\JSBasic>git status
On branch main
Your branch is ahead of 'origin/main' by 1 commit.
  (use "git push" to publish your local commits)

nothing to commit, working tree clean

C:\Users\dell\Desktop\React.js\JSBasic>git remote add origin git@github.com:twinkalparalkar/JSBasic.git
error: remote origin already exists.

C:\Users\dell\Desktop\React.js\JSBasic>git branch -M main

C:\Users\dell\Desktop\React.js\JSBasic>git push origin main
Enumerating objects: 4, done.
Counting objects: 100% (4/4), done.
Delta compression using up to 4 threads
Compressing objects: 100% (3/3), done.
Writing objects: 100% (3/3), 1.08 KiB | 73.00 KiB/s, done.
Total 3 (delta 0), reused 0 (delta 0), pack-reused 0
To github.com:twinkalparalkar/JSBasic.git
   4a3fe5f..628a04f  main -> main

###########################################
How to push regularly updates? by VS code

PS C:\Users\dell\Desktop\React.js> cd JSBasic
PS C:\Users\dell\Desktop\React.js\JSBasic> git status
On branch main
Changes not staged for commit:
  (use "git add <file>..." to update what will be committed)
        modified:   Gitguide.txt

no changes added to commit (use "git add" and/or "git commit -a")
PS C:\Users\dell\Desktop\React.js\JSBasic> git add .
PS C:\Users\dell\Desktop\React.js\JSBasic> git commit -m "Modified Gitguide file"
[main adde69d] Modified Gitguide file
 1 file changed, 72 insertions(+)

PS C:\Users\dell\Desktop\React.js\JSBasic> git pull origin main
remote: Enumerating objects: 5, done.
remote: Counting objects: 100% (5/5), done.
remote: Compressing objects: 100% (3/3), done.
remote: Total 3 (delta 1), reused 0 (delta 0), pack-reused 0
Unpacking objects: 100% (3/3), 982 bytes | 7.00 KiB/s, done.
From github.com:twinkalparalkar/JSBasic
 * branch            main       -> FETCH_HEAD
   adde69d..8e5e415  main       -> origin/main
Merge made by the 'ort' strategy.
 README.md | 2 ++
 1 file changed, 2 insertions(+)
PS C:\Users\dell\Desktop\React.js\JSBasic> git push origin main
Enumerating objects: 5, done.
Counting objects: 100% (5/5), done.
Delta compression using up to 4 threads
Compressing objects: 100% (3/3), done.
Writing objects: 100% (3/3), 1.75 KiB | 447.00 KiB/s, done.
Total 3 (delta 1), reused 0 (delta 0), pack-reused 0
remote: Resolving deltas: 100% (1/1), completed with 1 local object.
To github.com:twinkalparalkar/JSBasic.git
   628a04f..adde69d  main -> main
#####################################################################
How to add Tag in Github by git?

To list origin in remote repository
PS C:\Users\dell\Desktop\React.js\JSBasic> git remote -v
origin  git@github.com:twinkalparalkar/JSBasic.git (fetch)
origin  git@github.com:twinkalparalkar/JSBasic.git (push) 

  
PS C:\Users\dell\Desktop\React.js\JSBasic> git tag -a Git-Github-guide -m "Annotated tag adding"          
>>
PS C:\Users\dell\Desktop\React.js\JSBasic> git tag
Git-Github-guide
PS C:\Users\dell\Desktop\React.js\JSBasic> git show Git-Github-guide
tag Git-Github-guide
Tagger: twinkalp <twinkalparalkar2@gmail.com>
Date:   Sat Apr 13 14:00:08 2024 +0530

Annotated tag adding

PS C:\Users\dell\Desktop\React.js\JSBasic> git push origin Git-Github-guide
Counting objects: 100% (22/22), done.
Delta compression using up to 4 threads
Compressing objects: 100% (17/17), done.
Writing objects: 100% (22/22), 6.94 KiB | 263.00 KiB/s, done.
Total 22 (delta 6), reused 14 (delta 3), pack-reused 0
remote: Resolving deltas: 100% (6/6), done.
To github.com:twinkalparalkar/JSBasic.git
 * [new tag]         Git-Github-guide -> Git-Github-guide
####################################################################



